Create the test database
CREATE TABLE
INSERT 0 1
CREATE SCHEMA
CREATE TABLE
INSERT 0 1
CREATE SCHEMA
CREATE TABLE
INSERT 0 1
Migrate only one table
LOG: Connection to PostgreSQL successfull
LOG: Starting conversion of large objects to bytea
LOG: Looking for large objects columns
LOG: Found oid column in table public.test_oid1 column bindata.
LOG: Registering column "bindata" from table "public.test_oid1" for migration.
LOG: Found oid column in table sch2.test_oid3 column bindata.
LOG: Skiping, not in table list.
LOG: Found oid column in table sch1.test_oid2 column bindata.
LOG: Skiping, not in table list.
LOG: Processing table public.test_oid1...
LOG: ALTER TABLE public.test_oid1 ADD COLUMN bytea_col0 bytea
LOG: UPDATE public.test_oid1 SET bytea_col0 = lo_get(bindata)
LOG: ALTER TABLE public.test_oid1 DROP COLUMN bindata
LOG: ALTER TABLE public.test_oid1 RENAME COLUMN bytea_col0 TO bindata
LOG: Running vacuumlo on the database to remove orphan large object
LOG: convertion ended
must have been migrated
                                      substr                                      
----------------------------------------------------------------------------------
 \x6563686f202243726561746520746865207465737420646174616261736522203e206f75747075
(1 ligne)

must NOT have been migrated
 length 
--------
      6
(1 ligne)

must NOT have been migrated
 length 
--------
      6
(1 ligne)

Migrate all tables from schema sch1
LOG: Connection to PostgreSQL successfull
LOG: Starting conversion of large objects to bytea
LOG: Looking for large objects columns
LOG: Found oid column in table sch1.test_oid2 column bindata.
LOG: Registering column "bindata" from table "sch1.test_oid2" for migration.
LOG: Processing table sch1.test_oid2...
LOG: ALTER TABLE sch1.test_oid2 ADD COLUMN bytea_col0 bytea
LOG: UPDATE sch1.test_oid2 SET bytea_col0 = lo_get(bindata)
LOG: ALTER TABLE sch1.test_oid2 DROP COLUMN bindata
LOG: ALTER TABLE sch1.test_oid2 RENAME COLUMN bytea_col0 TO bindata
LOG: Running vacuumlo on the database to remove orphan large object
LOG: convertion ended
                                      substr                                      
----------------------------------------------------------------------------------
 \x6563686f202243726561746520746865207465737420646174616261736522203e206f75747075
(1 ligne)

 length 
--------
      6
(1 ligne)

Migrate all remaining table
LOG: Connection to PostgreSQL successfull
LOG: Starting conversion of large objects to bytea
LOG: Looking for large objects columns
LOG: Found oid column in table sch2.test_oid3 column bindata.
LOG: Registering column "bindata" from table "sch2.test_oid3" for migration.
LOG: Processing table sch2.test_oid3...
LOG: ALTER TABLE sch2.test_oid3 ADD COLUMN bytea_col0 bytea
LOG: UPDATE sch2.test_oid3 SET bytea_col0 = lo_get(bindata)
LOG: ALTER TABLE sch2.test_oid3 DROP COLUMN bindata
LOG: ALTER TABLE sch2.test_oid3 RENAME COLUMN bytea_col0 TO bindata
LOG: Running vacuumlo on the database to remove orphan large object
LOG: convertion ended
                                      substr                                      
----------------------------------------------------------------------------------
 \x6563686f202243726561746520746865207465737420646174616261736522203e206f75747075
(1 ligne)

Test multi process
CREATE TABLE
INSERT 0 1000
CREATE TABLE
INSERT 0 2000
 count |   sum   
-------+---------
  1000 | 3594000
(1 ligne)

 count |   sum   
-------+---------
  2000 | 7188000
(1 ligne)

